
Memory Configuration

Name             Origin             Length             Attributes
flash            0x00000000         0x20000000         xr
sram             0x20000000         0x20000000         xrw
*default*        0x00000000         0xffffffff

Linker script and memory map


.text           0x00000000      0x114
                0x00000000                _S_TEXT = .
 *(.vectors)
 .vectors       0x00000000       0x1c startup.o
                0x00000000                vectors
 *(.text)
 .text          0x0000001c       0x84 startup.o
                0x0000001c                MM_Fault_Handler
                0x0000001c                Reset_Handler
                0x0000001c                Bus_Fault
                0x0000001c                Default_Handler
                0x0000001c                H_fault_Handler
                0x0000001c                Usage_Fault_Handler
                0x0000001c                NMI_Handler
 .text          0x000000a0       0x74 toogle_led_m4.o
                0x000000a0                main
                0x00000114                . = ALIGN (0x4)
                0x00000114                _E_TEXT = .

.glue_7         0x00000114        0x0
 .glue_7        0x00000114        0x0 linker stubs

.glue_7t        0x00000114        0x0
 .glue_7t       0x00000114        0x0 linker stubs

.vfp11_veneer   0x00000114        0x0
 .vfp11_veneer  0x00000114        0x0 linker stubs

.v4_bx          0x00000114        0x0
 .v4_bx         0x00000114        0x0 linker stubs

.iplt           0x00000114        0x0
 .iplt          0x00000114        0x0 startup.o

.rel.dyn        0x00000114        0x0
 .rel.iplt      0x00000114        0x0 startup.o

.rodata         0x00000114        0x0
                0x00000114                _S_RODATA = .
 *(.rodata)
                0x00000114                . = ALIGN (0x4)
                0x00000114                _E_RODATA = .

.data           0x20000000        0x0 load address 0x00000114
                0x20000000                _S_DATA = .
 *(.data)
 .data          0x20000000        0x0 startup.o
 .data          0x20000000        0x0 toogle_led_m4.o
                0x20000000                . = ALIGN (0x4)
                0x20000000                _E_DATA = .

.igot.plt       0x20000000        0x0 load address 0x00000114
 .igot.plt      0x20000000        0x0 startup.o

.bss            0x20000000        0x0 load address 0x00000114
                0x20000000                _S_BSS = .
 *(.bss)
 .bss           0x20000000        0x0 startup.o
 .bss           0x20000000        0x0 toogle_led_m4.o
 *(COMMON)
                0x20000000                . = ALIGN (0x4)
                0x20000000                _E_BSS = .
                0x20001000                _stack_top = (. + 0x1000)
LOAD startup.o
LOAD toogle_led_m4.o
OUTPUT(toogle_led_m4.elf elf32-littlearm)

.debug_info     0x00000000      0x1bb
 .debug_info    0x00000000      0x156 startup.o
 .debug_info    0x00000156       0x65 toogle_led_m4.o

.debug_abbrev   0x00000000      0x104
 .debug_abbrev  0x00000000       0xaa startup.o
 .debug_abbrev  0x000000aa       0x5a toogle_led_m4.o

.debug_loc      0x00000000       0x88
 .debug_loc     0x00000000       0x50 startup.o
 .debug_loc     0x00000050       0x38 toogle_led_m4.o

.debug_aranges  0x00000000       0x40
 .debug_aranges
                0x00000000       0x20 startup.o
 .debug_aranges
                0x00000020       0x20 toogle_led_m4.o

.debug_line     0x00000000      0x167
 .debug_line    0x00000000      0x10d startup.o
 .debug_line    0x0000010d       0x5a toogle_led_m4.o

.debug_str      0x00000000      0x17a
 .debug_str     0x00000000      0x15f startup.o
                                0x19c (size before relaxing)
 .debug_str     0x0000015f       0x1b toogle_led_m4.o
                                 0xc3 (size before relaxing)

.comment        0x00000000       0x7e
 .comment       0x00000000       0x7e startup.o
                                 0x7f (size before relaxing)
 .comment       0x0000007e       0x7f toogle_led_m4.o

.ARM.attributes
                0x00000000       0x33
 .ARM.attributes
                0x00000000       0x33 startup.o
 .ARM.attributes
                0x00000033       0x33 toogle_led_m4.o

.debug_frame    0x00000000       0x60
 .debug_frame   0x00000000       0x34 startup.o
 .debug_frame   0x00000034       0x2c toogle_led_m4.o
