
Memory Configuration

Name             Origin             Length             Attributes
flash            0x08000000         0x00020000         xr
sram             0x20000000         0x00003000         xrw
*default*        0x00000000         0xffffffff

Linker script and memory map


.text           0x08000000      0x11c
                0x08000000                _S_TEXT = .
 *(.vectors)
 .vectors       0x08000000       0x1c startup.o
                0x08000000                vectors
 *(.text)
 .text          0x0800001c       0x84 startup.o
                0x0800001c                MM_Fault_Handler
                0x0800001c                Reset_Handler
                0x0800001c                Bus_Fault
                0x0800001c                Default_Handler
                0x0800001c                H_fault_Handler
                0x0800001c                Usage_Fault_Handler
                0x0800001c                NMI_Handler
 .text          0x080000a0       0x7c toogle_led.o
                0x080000a0                main
                0x0800011c                . = ALIGN (0x4)
                0x0800011c                _E_TEXT = .

.glue_7         0x0800011c        0x0
 .glue_7        0x0800011c        0x0 linker stubs

.glue_7t        0x0800011c        0x0
 .glue_7t       0x0800011c        0x0 linker stubs

.vfp11_veneer   0x0800011c        0x0
 .vfp11_veneer  0x0800011c        0x0 linker stubs

.v4_bx          0x0800011c        0x0
 .v4_bx         0x0800011c        0x0 linker stubs

.iplt           0x0800011c        0x0
 .iplt          0x0800011c        0x0 startup.o

.rel.dyn        0x0800011c        0x0
 .rel.iplt      0x0800011c        0x0 startup.o

.rodata         0x0800011c        0x0
                0x0800011c                _S_RODATA = .
 *(.rodata)
                0x0800011c                . = ALIGN (0x4)
                0x0800011c                _E_RODATA = .

.data           0x20000000        0x0 load address 0x0800011c
                0x20000000                _S_DATA = .
 *(.data)
 .data          0x20000000        0x0 startup.o
 .data          0x20000000        0x0 toogle_led.o
                0x20000000                . = ALIGN (0x4)
                0x20000000                _E_DATA = .

.igot.plt       0x20000000        0x0 load address 0x0800011c
 .igot.plt      0x20000000        0x0 startup.o

.bss            0x20000000        0x0 load address 0x0800011c
                0x20000000                _S_BSS = .
 *(.bss)
 .bss           0x20000000        0x0 startup.o
 .bss           0x20000000        0x0 toogle_led.o
 *(COMMON)
                0x20000000                . = ALIGN (0x4)
                0x20000000                _E_BSS = .
                0x20001000                _stack_top = (. + 0x1000)
LOAD startup.o
LOAD toogle_led.o
OUTPUT(toogle_led.elf elf32-littlearm)

.debug_info     0x00000000      0x1ae
 .debug_info    0x00000000      0x156 startup.o
 .debug_info    0x00000156       0x58 toogle_led.o

.debug_abbrev   0x00000000       0xf4
 .debug_abbrev  0x00000000       0xaa startup.o
 .debug_abbrev  0x000000aa       0x4a toogle_led.o

.debug_loc      0x00000000       0x88
 .debug_loc     0x00000000       0x50 startup.o
 .debug_loc     0x00000050       0x38 toogle_led.o

.debug_aranges  0x00000000       0x40
 .debug_aranges
                0x00000000       0x20 startup.o
 .debug_aranges
                0x00000020       0x20 toogle_led.o

.debug_line     0x00000000      0x167
 .debug_line    0x00000000      0x10d startup.o
 .debug_line    0x0000010d       0x5a toogle_led.o

.debug_str      0x00000000      0x165
 .debug_str     0x00000000      0x153 startup.o
                                0x190 (size before relaxing)
 .debug_str     0x00000153       0x12 toogle_led.o
                                 0xa4 (size before relaxing)

.comment        0x00000000       0x7e
 .comment       0x00000000       0x7e startup.o
                                 0x7f (size before relaxing)
 .comment       0x0000007e       0x7f toogle_led.o

.ARM.attributes
                0x00000000       0x33
 .ARM.attributes
                0x00000000       0x33 startup.o
 .ARM.attributes
                0x00000033       0x33 toogle_led.o

.debug_frame    0x00000000       0x60
 .debug_frame   0x00000000       0x34 startup.o
 .debug_frame   0x00000034       0x2c toogle_led.o
